[sudo] password for hossammedhat: Building fastapi
#0 building with "default" instance using docker driver

#1 [internal] load build definition from Dockerfile
#1 transferring dockerfile: 968B 0.0s done
#1 DONE 0.1s

#2 [internal] load metadata for ghcr.io/astral-sh/uv:0.6.14-python3.13-bookworm
#2 DONE 3.6s

#3 [internal] load .dockerignore
#3 transferring context: 2B 0.1s done
#3 DONE 0.1s

#4 [internal] load build context
#4 DONE 0.0s

#5 [ 1/11] FROM ghcr.io/astral-sh/uv:0.6.14-python3.13-bookworm@sha256:948c74fe00846aabcacdb92b25d52b8c4040a5a90e2cc5f14a4fcd6f89210778
#5 resolve ghcr.io/astral-sh/uv:0.6.14-python3.13-bookworm@sha256:948c74fe00846aabcacdb92b25d52b8c4040a5a90e2cc5f14a4fcd6f89210778 0.0s done
#5 DONE 0.1s

#6 [ 2/11] WORKDIR /app
#6 DONE 0.0s

#4 [internal] load build context
#4 transferring context: 33.24MB 1.2s done
#4 DONE 1.3s

#7 [ 3/11] RUN apt-get update && apt-get install -y     build-essential     libavif-dev pkg-config     libjpeg-dev     gcc unzip zip     python3-dev     libxml2-dev     libxslt1-dev     libffi-dev     curl     && rm -rf /var/lib/apt/lists/*
#7 0.903 Get:1 http://deb.debian.org/debian bookworm InRelease [151 kB]
#7 1.429 Get:2 http://deb.debian.org/debian bookworm-updates InRelease [55.4 kB]
#7 1.647 Get:3 http://deb.debian.org/debian-security bookworm-security InRelease [48.0 kB]
#7 1.790 Get:4 http://deb.debian.org/debian bookworm/main amd64 Packages [8791 kB]
